###############################################################################
#
# IAR ELF Linker V9.10.1.308/W64 for ARM                  25/Feb/2021  21:29:38
# Copyright 2007-2021 IAR Systems AB.
#
#    Output file  =
#        C:\Projetos\EK-TM4C1294_IAR8-master\EK-TM4C1294_IAR8-master\Projects\new_project_25.02.21\Debug\Exe\new_project_25.02.21.out
#    Map file     =
#        C:\Projetos\EK-TM4C1294_IAR8-master\EK-TM4C1294_IAR8-master\Projects\new_project_25.02.21\Debug\List\new_project_25.02.21.map
#    Command line =
#        -f
#        C:\Projetos\EK-TM4C1294_IAR8-master\EK-TM4C1294_IAR8-master\Projects\new_project_25.02.21\Debug\Exe\new_project_25.02.21.out.rsp
#        (C:\Projetos\EK-TM4C1294_IAR8-master\EK-TM4C1294_IAR8-master\TivaWare_C_Series-2.1.4.178\driverlib\ewarm\Exe\driverlib.a
#        C:\Projetos\EK-TM4C1294_IAR8-master\EK-TM4C1294_IAR8-master\Projects\new_project_25.02.21\Debug\Obj\new_project_25.02.21.o
#        C:\Projetos\EK-TM4C1294_IAR8-master\EK-TM4C1294_IAR8-master\Projects\new_project_25.02.21\Debug\Obj\startup_TM4C1294.o
#        C:\Projetos\EK-TM4C1294_IAR8-master\EK-TM4C1294_IAR8-master\Projects\new_project_25.02.21\Debug\Obj\system_TM4C1294_TW.o
#        --no_out_extension -o
#        C:\Projetos\EK-TM4C1294_IAR8-master\EK-TM4C1294_IAR8-master\Projects\new_project_25.02.21\Debug\Exe\new_project_25.02.21.out
#        --map
#        C:\Projetos\EK-TM4C1294_IAR8-master\EK-TM4C1294_IAR8-master\Projects\new_project_25.02.21\Debug\List\new_project_25.02.21.map
#        --config "C:\Program Files\IAR Systems\Embedded Workbench
#        9.0\arm\config\linker\TexasInstruments\TM4C1294NC.icf" --semihosting
#        --entry __iar_program_start --vfe --text_out locale)
#
###############################################################################

*******************************************************************************
*** RUNTIME MODEL ATTRIBUTES
***

CppFlavor       = *
__SystemLibrary = DLib
__dlib_version  = 6


*******************************************************************************
*** HEAP SELECTION
***

The basic heap was selected because some modules are built with
size limitations (and not runtime checking), and --advanced_heap
was not specified.


*******************************************************************************
*** PLACEMENT SUMMARY
***

"A0":  place at address 0x0 { ro section .intvec };
"P1":  place in [from 0x0 to 0xf'ffff] { ro };
define block CSTACK with size = 32K, alignment = 8 { };
define block HEAP with size = 64K, alignment = 8 { };
"P2":  place in [from 0x2000'0000 to 0x2003'ffff] {
          rw, block CSTACK, block HEAP };

  Section          Kind         Address    Size  Object
  -------          ----         -------    ----  ------
"A0":                                     0x3c0
  .intvec          ro code          0x0   0x3c0  startup_TM4C1294.o [1]
                                - 0x3c0   0x3c0

"P1":                                     0x900
  .text            ro code        0x3c0   0x3e0  sysctl.o [3]
  .rodata          const          0x7a0   0x21c  sysctl.o [3]
  .text            ro code        0x9bc   0x150  gpio.o [3]
  .text            ro code        0xb0c    0x7c  new_project_25.02.21.o [1]
  .text            ro code        0xb88    0x38  zero_init3.o [4]
  .rodata          const          0xbc0    0x30  sysctl.o [3]
  .text            ro code        0xbf0    0x28  data_init.o [4]
  .iar.init_table  const          0xc18    0x10  - Linker created -
  .text            ro code        0xc28    0x20  system_TM4C1294_TW.o [1]
  .text            ro code        0xc48    0x1e  cmain.o [4]
  .text            ro code        0xc66     0x4  low_level_init.o [2]
  .text            ro code        0xc6a     0x4  exit.o [2]
  .text            ro code        0xc6e     0x2  startup_TM4C1294.o [1]
  .text            ro code        0xc70     0xa  cexit.o [4]
  .text            ro code        0xc7c    0x14  exit.o [5]
  .text            ro code        0xc90    0x1c  cstartup_M.o [4]
  .text            ro code        0xcac    0x14  startup_TM4C1294.o [1]
  .rodata          const          0xcc0     0x0  zero_init3.o [4]
                                - 0xcc0   0x900

"P2", part 1 of 2:                          0x4
  .bss             zero     0x2000'0000     0x1  new_project_25.02.21.o [1]
                          - 0x2000'0001     0x1

"P2", part 2 of 2:                       0x8004
  .noinit          uninit   0x2000'0004     0x4  system_TM4C1294_TW.o [1]
  CSTACK                    0x2000'0008  0x8000  <Block>
    CSTACK         uninit   0x2000'0008  0x8000  <Block tail>
                          - 0x2000'8008  0x8004

Unused ranges:

         From           To      Size
         ----           --      ----
        0xcc0     0xf'ffff  0xf'f340
  0x2000'8008  0x2003'ffff  0x3'7ff8


*******************************************************************************
*** INIT TABLE
***

          Address      Size
          -------      ----
Zero (__iar_zero_init3)
    1 destination range, total size 0x1:
          0x2000'0000   0x1



*******************************************************************************
*** MODULE SUMMARY
***

    Module                  ro code  ro data  rw data
    ------                  -------  -------  -------
command line/config:
    -------------------------------------------------
    Total:

C:\Projetos\EK-TM4C1294_IAR8-master\EK-TM4C1294_IAR8-master\Projects\new_project_25.02.21\Debug\Obj: [1]
    new_project_25.02.21.o      124                 1
    startup_TM4C1294.o          982
    system_TM4C1294_TW.o         32                 4
    -------------------------------------------------
    Total:                    1'138                 5

dl7M_tln.a: [2]
    exit.o                        4
    low_level_init.o              4
    -------------------------------------------------
    Total:                        8

driverlib.a: [3]
    gpio.o                      336
    sysctl.o                    992      588
    -------------------------------------------------
    Total:                    1'328      588

rt7M_tl.a: [4]
    cexit.o                      10
    cmain.o                      30
    cstartup_M.o                 28
    data_init.o                  40
    zero_init3.o                 56
    -------------------------------------------------
    Total:                      164

shb_l.a: [5]
    exit.o                       20
    -------------------------------------------------
    Total:                       20

    Gaps                          2
    Linker created                        16   32'768
-----------------------------------------------------
    Grand Total:              2'660      604   32'773


*******************************************************************************
*** ENTRY LIST
***

Entry                       Address   Size  Type      Object
-----                       -------   ----  ----      ------
.iar.init_table$$Base         0xc18          --   Gb  - Linker created -
.iar.init_table$$Limit        0xc28          --   Gb  - Linker created -
?main                         0xc49         Code  Gb  cmain.o [4]
CSTACK$$Base            0x2000'0008          --   Gb  - Linker created -
CSTACK$$Limit           0x2000'8008          --   Gb  - Linker created -
GPIODirModeSet                0x9bd   0x28  Code  Gb  gpio.o [3]
GPIOPadConfigSet              0x9e5  0x104  Code  Gb  gpio.o [3]
GPIOPinTypeGPIOOutput         0xaf1    0xa  Code  Gb  gpio.o [3]
GPIOPinWrite                  0xae9    0x8  Code  Gb  gpio.o [3]
LED_D4                  0x2000'0000    0x1  Data  Gb  new_project_25.02.21.o [1]
Region$$Table$$Base           0xc18          --   Gb  - Linker created -
Region$$Table$$Limit          0xc28          --   Gb  - Linker created -
SysCtlClockFreqSet            0x42d  0x218  Code  Gb  sysctl.o [3]
SysCtlClockGet                0x651   0xfc  Code  Gb  sysctl.o [3]
SysCtlDelay                   0x425    0x8  Code  Gb  sysctl.o [3]
SysCtlPeripheralEnable        0x405    0x8  Code  Gb  sysctl.o [3]
SysCtlPeripheralReady         0x3e3    0x8  Code  Gb  sysctl.o [3]
SysTick_Handler               0xb0d   0x1c  Code  Gb  new_project_25.02.21.o [1]
SystemCoreClock         0x2000'0004    0x4  Data  Gb  system_TM4C1294_TW.o [1]
SystemInit                    0xc29   0x10  Code  Gb  system_TM4C1294_TW.o [1]
_SysCtlMemTimingGet           0x3c1   0x22  Code  Lc  sysctl.o [3]
__Vectors                       0x0          --   Gb  startup_TM4C1294.o [1]
__Vectors_End                 0x3c0         Data  Gb  startup_TM4C1294.o [1]
__Vectors_Size {Abs}          0x3c0          --   Gb  startup_TM4C1294.o [1]
__cmain                       0xc49         Code  Gb  cmain.o [4]
__exit                        0xc7d   0x14  Code  Gb  exit.o [5]
__iar_data_init3              0xbf1   0x28  Code  Gb  data_init.o [4]
__iar_init_vfp                0xcb5         Code  Wk  startup_TM4C1294.o [1]
__iar_program_start           0xc91         Code  Gb  cstartup_M.o [4]
__iar_zero_init3              0xb89   0x38  Code  Gb  zero_init3.o [4]
__low_level_init              0xc67    0x4  Code  Gb  low_level_init.o [2]
__vector_table                  0x0         Data  Gb  startup_TM4C1294.o [1]
__vector_table_0x1c            0x1c         Data  Gb  startup_TM4C1294.o [1]
_call_main                    0xc55         Code  Gb  cmain.o [4]
_exit                         0xc71         Code  Gb  cexit.o [4]
exit                          0xc6b    0x4  Code  Gb  exit.o [2]
g_pppui32XTALtoVCO            0x7a0  0x1b0  Data  Lc  sysctl.o [3]
g_pui32VCOFrequencies         0x798    0x8  Data  Lc  sysctl.o [3]
g_pui32Xtals                  0x950   0x6c  Data  Lc  sysctl.o [3]
g_sXTALtoMEMTIM               0xbc0   0x30  Data  Lc  sysctl.o [3]
main                          0xb29   0x4a  Code  Gb  new_project_25.02.21.o [1]


[1] = C:\Projetos\EK-TM4C1294_IAR8-master\EK-TM4C1294_IAR8-master\Projects\new_project_25.02.21\Debug\Obj
[2] = dl7M_tln.a
[3] = driverlib.a
[4] = rt7M_tl.a
[5] = shb_l.a

   2'660 bytes of readonly  code memory
     604 bytes of readonly  data memory
  32'773 bytes of readwrite data memory

Errors: none
Warnings: none
